{
  Buffers: [
    {
      Hash: b0d9ec259140a1f8cc7f560d3c6cf1ae48c27cffce3e607c04beee86aac4a4a7,
      Size: 4181
    }
  ],
  Format: Stereo8,
  SampleRate: 8000
}
