{
  Buffers: [
    {
      Hash: 901c287ffcb1a715f3d049ebf3b07e46ded8bf2c94d9fa44a11635e659a38033,
      Size: 2625
    }
  ],
  Format: Mono8,
  SampleRate: 11025
}
